	flight-service/cmd		coverage: 0.0% of statements
	flight-service/internals/database		coverage: 0.0% of statements
	flight-service/internals/handlers		coverage: 0.0% of statements
?   	flight-service/internals/models	[no test files]
	flight-service/internals/redis		coverage: 0.0% of statements
?   	flight-service/internals/repository/interfaces	[no test files]
	flight-service/internals/repository/postgres		coverage: 0.0% of statements
	flight-service/internals/routes		coverage: 0.0% of statements
=== RUN   TestBookSeat
=== RUN   TestBookSeat/success_ΓÇô_available_seat,_no_existing_order
2026/06/24 03:59:24 [BOOKING_START] flight=FL-100 seat=12A
2026/06/24 03:59:24 [BOOKING_SUCCESS] order_id=eeaba8c3-f662-431d-a83f-626309afd412
=== RUN   TestBookSeat/flight_not_found_ΓÇô_nil_returned
2026/06/24 03:59:24 [BOOKING_START] flight=FL-999 seat=12A
2026/06/24 03:59:24 [ERROR] flight not found
=== RUN   TestBookSeat/flight_repo_returns_db_error
2026/06/24 03:59:24 [BOOKING_START] flight=FL-100 seat=12A
2026/06/24 03:59:24 [ERROR] flight fetch failed: db connection refused
=== RUN   TestBookSeat/seat_not_found_ΓÇô_nil_returned
2026/06/24 03:59:24 [BOOKING_START] flight=FL-100 seat=99Z
2026/06/24 03:59:24 [ERROR] seat not found
=== RUN   TestBookSeat/seat_repo_returns_db_error
2026/06/24 03:59:24 [BOOKING_START] flight=FL-100 seat=12A
2026/06/24 03:59:24 [ERROR] seat fetch failed: seat query failed
=== RUN   TestBookSeat/seat_status_is_BOOKED_ΓÇô_not_available
2026/06/24 03:59:24 [BOOKING_START] flight=FL-100 seat=12A
2026/06/24 03:59:24 [ERROR] seat not available
=== RUN   TestBookSeat/seat_status_is_RESERVED_ΓÇô_not_available
2026/06/24 03:59:24 [BOOKING_START] flight=FL-100 seat=12A
2026/06/24 03:59:24 [ERROR] seat not available
=== RUN   TestBookSeat/duplicate_booking_ΓÇô_existing_order_found
2026/06/24 03:59:24 [BOOKING_START] flight= seat=
2026/06/24 03:59:24 [ERROR] seat already booked
=== RUN   TestBookSeat/order_creation_fails_after_all_retries
2026/06/24 03:59:24 [BOOKING_START] flight=FL-100 seat=12A
2026/06/24 03:59:24 [RETRY] attempt=1 error=insert failed
2026/06/24 03:59:24 [RETRY] attempt=2 error=insert failed
2026/06/24 03:59:24 [RETRY] attempt=3 error=insert failed
2026/06/24 03:59:24 [ERROR] order creation failed after retry: insert failed
=== RUN   TestBookSeat/order_creation_fails_with_timeout_error
2026/06/24 03:59:24 [BOOKING_START] flight=FL-100 seat=12A
2026/06/24 03:59:24 [RETRY] attempt=1 error=context deadline exceeded
2026/06/24 03:59:24 [RETRY] attempt=2 error=context deadline exceeded
2026/06/24 03:59:24 [RETRY] attempt=3 error=context deadline exceeded
2026/06/24 03:59:24 [ERROR] order creation failed after retry: context deadline exceeded
=== RUN   TestBookSeat/redis_is_nil_ΓÇô_booking_succeeds_without_lock
2026/06/24 03:59:24 [BOOKING_START] flight=FL-100 seat=12A
2026/06/24 03:59:24 [BOOKING_SUCCESS] order_id=ccba42f6-2c19-464c-a50a-2db4c24fafe6
=== RUN   TestBookSeat/empty_flight_number_ΓÇô_flight_not_found
2026/06/24 03:59:24 [BOOKING_START] flight= seat=12A
2026/06/24 03:59:24 [ERROR] flight not found
=== RUN   TestBookSeat/empty_seat_number_ΓÇô_seat_not_found
2026/06/24 03:59:24 [BOOKING_START] flight=FL-100 seat=
2026/06/24 03:59:24 [ERROR] seat not found
=== RUN   TestBookSeat/seat_with_zero_price_ΓÇô_booking_still_succeeds
2026/06/24 03:59:24 [BOOKING_START] flight=FL-100 seat=1A
2026/06/24 03:59:24 [BOOKING_SUCCESS] order_id=e71d0ccf-8eb8-4d2b-b4a7-b1589f92548a
--- PASS: TestBookSeat (0.60s)
    --- PASS: TestBookSeat/success_ΓÇô_available_seat,_no_existing_order (0.00s)
    --- PASS: TestBookSeat/flight_not_found_ΓÇô_nil_returned (0.00s)
    --- PASS: TestBookSeat/flight_repo_returns_db_error (0.00s)
    --- PASS: TestBookSeat/seat_not_found_ΓÇô_nil_returned (0.00s)
    --- PASS: TestBookSeat/seat_repo_returns_db_error (0.00s)
    --- PASS: TestBookSeat/seat_status_is_BOOKED_ΓÇô_not_available (0.00s)
    --- PASS: TestBookSeat/seat_status_is_RESERVED_ΓÇô_not_available (0.00s)
    --- PASS: TestBookSeat/duplicate_booking_ΓÇô_existing_order_found (0.00s)
    --- PASS: TestBookSeat/order_creation_fails_after_all_retries (0.30s)
    --- PASS: TestBookSeat/order_creation_fails_with_timeout_error (0.30s)
    --- PASS: TestBookSeat/redis_is_nil_ΓÇô_booking_succeeds_without_lock (0.00s)
    --- PASS: TestBookSeat/empty_flight_number_ΓÇô_flight_not_found (0.00s)
    --- PASS: TestBookSeat/empty_seat_number_ΓÇô_seat_not_found (0.00s)
    --- PASS: TestBookSeat/seat_with_zero_price_ΓÇô_booking_still_succeeds (0.00s)
=== RUN   TestRetry
=== RUN   TestRetry/succeeds_on_first_attempt
=== RUN   TestRetry/succeeds_on_second_attempt
2026/06/24 03:59:24 [RETRY] attempt=1 error=transient error
=== RUN   TestRetry/succeeds_on_third_attempt
2026/06/24 03:59:24 [RETRY] attempt=1 error=transient error
2026/06/24 03:59:24 [RETRY] attempt=2 error=transient error
=== RUN   TestRetry/fails_all_3_attempts
2026/06/24 03:59:24 [RETRY] attempt=1 error=always fails
2026/06/24 03:59:24 [RETRY] attempt=2 error=always fails
2026/06/24 03:59:24 [RETRY] attempt=3 error=always fails
=== RUN   TestRetry/zero_attempts_ΓÇô_never_calls_fn
=== RUN   TestRetry/single_attempt_succeeds
=== RUN   TestRetry/single_attempt_fails
2026/06/24 03:59:24 [RETRY] attempt=1 error=always fails
--- PASS: TestRetry (0.00s)
    --- PASS: TestRetry/succeeds_on_first_attempt (0.00s)
    --- PASS: TestRetry/succeeds_on_second_attempt (0.00s)
    --- PASS: TestRetry/succeeds_on_third_attempt (0.00s)
    --- PASS: TestRetry/fails_all_3_attempts (0.00s)
    --- PASS: TestRetry/zero_attempts_ΓÇô_never_calls_fn (0.00s)
    --- PASS: TestRetry/single_attempt_succeeds (0.00s)
    --- PASS: TestRetry/single_attempt_fails (0.00s)
=== RUN   TestBookSeat_OrderFields
2026/06/24 03:59:24 [BOOKING_START] flight=FL-100 seat=12A
2026/06/24 03:59:24 [BOOKING_SUCCESS] order_id=21cb7166-5494-4ad0-8255-6356cf679feb
--- PASS: TestBookSeat_OrderFields (0.00s)
=== RUN   TestSearchFlights
=== RUN   TestSearchFlights/success_ΓÇô_single_flight_returned
2026/06/24 03:59:24 [SEARCH_FLIGHTS] source=BLR destination=DEL date=2026-01-01
2026/06/24 03:59:24 [CACHE_MISS] flights:BLR:DEL
=== RUN   TestSearchFlights/success_ΓÇô_multiple_flights_returned
2026/06/24 03:59:24 [SEARCH_FLIGHTS] source=BLR destination=DEL date=
2026/06/24 03:59:24 [CACHE_MISS] flights:BLR:DEL
=== RUN   TestSearchFlights/success_ΓÇô_empty_result_from_repo
2026/06/24 03:59:24 [SEARCH_FLIGHTS] source=BLR destination=DEL date=
2026/06/24 03:59:24 [CACHE_MISS] flights:BLR:DEL
=== RUN   TestSearchFlights/success_ΓÇô_nil_result_from_repo_returns_empty_slice
2026/06/24 03:59:24 [SEARCH_FLIGHTS] source=BLR destination=DEL date=
2026/06/24 03:59:24 [CACHE_MISS] flights:BLR:DEL
=== RUN   TestSearchFlights/repo_returns_db_error
2026/06/24 03:59:24 [SEARCH_FLIGHTS] source=BLR destination=DEL date=
2026/06/24 03:59:24 [CACHE_MISS] flights:BLR:DEL
2026/06/24 03:59:24 [SEARCH_FLIGHTS_ERROR] db error
=== RUN   TestSearchFlights/repo_returns_connection_refused
2026/06/24 03:59:24 [SEARCH_FLIGHTS] source=BLR destination=DEL date=
2026/06/24 03:59:24 [CACHE_MISS] flights:BLR:DEL
2026/06/24 03:59:24 [SEARCH_FLIGHTS_ERROR] connection refused
=== RUN   TestSearchFlights/repo_returns_context_deadline_exceeded
2026/06/24 03:59:24 [SEARCH_FLIGHTS] source=BLR destination=DEL date=
2026/06/24 03:59:24 [CACHE_MISS] flights:BLR:DEL
2026/06/24 03:59:24 [SEARCH_FLIGHTS_ERROR] context deadline exceeded
=== RUN   TestSearchFlights/limit_zero_ΓÇô_defaults_to_10
2026/06/24 03:59:24 [SEARCH_FLIGHTS] source=BLR destination=DEL date=
2026/06/24 03:59:24 [CACHE_MISS] flights:BLR:DEL
=== RUN   TestSearchFlights/negative_limit_ΓÇô_defaults_to_10
2026/06/24 03:59:24 [SEARCH_FLIGHTS] source=BLR destination=DEL date=
2026/06/24 03:59:24 [CACHE_MISS] flights:BLR:DEL
=== RUN   TestSearchFlights/negative_offset_ΓÇô_defaults_to_0
2026/06/24 03:59:24 [SEARCH_FLIGHTS] source=BLR destination=DEL date=
2026/06/24 03:59:24 [CACHE_MISS] flights:BLR:DEL
=== RUN   TestSearchFlights/large_limit_value
2026/06/24 03:59:24 [SEARCH_FLIGHTS] source=BLR destination=DEL date=
2026/06/24 03:59:24 [CACHE_MISS] flights:BLR:DEL
=== RUN   TestSearchFlights/non-zero_offset
2026/06/24 03:59:24 [SEARCH_FLIGHTS] source=BLR destination=DEL date=
2026/06/24 03:59:24 [CACHE_MISS] flights:BLR:DEL
=== RUN   TestSearchFlights/with_date_filter
2026/06/24 03:59:24 [SEARCH_FLIGHTS] source=BLR destination=DEL date=2026-06-01
2026/06/24 03:59:24 [CACHE_MISS] flights:BLR:DEL
=== RUN   TestSearchFlights/with_date_filter_ΓÇô_no_matching_flights
2026/06/24 03:59:24 [SEARCH_FLIGHTS] source=BLR destination=DEL date=2099-01-01
2026/06/24 03:59:24 [CACHE_MISS] flights:BLR:DEL
=== RUN   TestSearchFlights/empty_date_ΓÇô_no_filter_applied
2026/06/24 03:59:24 [SEARCH_FLIGHTS] source=BLR destination=DEL date=
2026/06/24 03:59:24 [CACHE_MISS] flights:BLR:DEL
=== RUN   TestSearchFlights/same_source_and_destination
2026/06/24 03:59:24 [SEARCH_FLIGHTS] source=BLR destination=BLR date=
2026/06/24 03:59:24 [CACHE_MISS] flights:BLR:BLR
=== RUN   TestSearchFlights/empty_source_and_destination
2026/06/24 03:59:24 [SEARCH_FLIGHTS] source= destination= date=
2026/06/24 03:59:24 [CACHE_MISS] flights::
=== RUN   TestSearchFlights/pagination_ΓÇô_first_page_of_2
2026/06/24 03:59:24 [SEARCH_FLIGHTS] source=BLR destination=DEL date=
2026/06/24 03:59:24 [CACHE_MISS] flights:BLR:DEL
=== RUN   TestSearchFlights/pagination_ΓÇô_second_page_returns_1
2026/06/24 03:59:24 [SEARCH_FLIGHTS] source=BLR destination=DEL date=
2026/06/24 03:59:24 [CACHE_MISS] flights:BLR:DEL
--- PASS: TestSearchFlights (0.00s)
    --- PASS: TestSearchFlights/success_ΓÇô_single_flight_returned (0.00s)
    --- PASS: TestSearchFlights/success_ΓÇô_multiple_flights_returned (0.00s)
    --- PASS: TestSearchFlights/success_ΓÇô_empty_result_from_repo (0.00s)
    --- PASS: TestSearchFlights/success_ΓÇô_nil_result_from_repo_returns_empty_slice (0.00s)
    --- PASS: TestSearchFlights/repo_returns_db_error (0.00s)
    --- PASS: TestSearchFlights/repo_returns_connection_refused (0.00s)
    --- PASS: TestSearchFlights/repo_returns_context_deadline_exceeded (0.00s)
    --- PASS: TestSearchFlights/limit_zero_ΓÇô_defaults_to_10 (0.00s)
    --- PASS: TestSearchFlights/negative_limit_ΓÇô_defaults_to_10 (0.00s)
    --- PASS: TestSearchFlights/negative_offset_ΓÇô_defaults_to_0 (0.00s)
    --- PASS: TestSearchFlights/large_limit_value (0.00s)
    --- PASS: TestSearchFlights/non-zero_offset (0.00s)
    --- PASS: TestSearchFlights/with_date_filter (0.00s)
    --- PASS: TestSearchFlights/with_date_filter_ΓÇô_no_matching_flights (0.00s)
    --- PASS: TestSearchFlights/empty_date_ΓÇô_no_filter_applied (0.00s)
    --- PASS: TestSearchFlights/same_source_and_destination (0.00s)
    --- PASS: TestSearchFlights/empty_source_and_destination (0.00s)
    --- PASS: TestSearchFlights/pagination_ΓÇô_first_page_of_2 (0.00s)
    --- PASS: TestSearchFlights/pagination_ΓÇô_second_page_returns_1 (0.00s)
=== RUN   TestSearchFlights_FieldIntegrity
2026/06/24 03:59:24 [SEARCH_FLIGHTS] source=BLR destination=DEL date=
2026/06/24 03:59:24 [CACHE_MISS] flights:BLR:DEL
--- PASS: TestSearchFlights_FieldIntegrity (0.00s)
PASS
coverage: 84.0% of statements
ok  	flight-service/internals/services	2.637s	coverage: 84.0% of statements
